###############################################################################
#
# IAR ELF Linker V7.30.1.7746/W32 for ARM                 21/Jul/2017  13:56:35
# Copyright 2007-2014 IAR Systems AB.
#
#    Output file  =  
#        F:\demo\SUBDEV_SWITCH\Projects\EWARM\SUBDEV_SWITCH\Exe\Project.out.tmp
#    Map file     =  
#        F:\demo\SUBDEV_SWITCH\Projects\EWARM\SUBDEV_SWITCH\List\Project.map
#    Command line =  
#        F:\demo\SUBDEV_SWITCH\Projects\EWARM\SUBDEV_SWITCH\Obj\adc.o
#        F:\demo\SUBDEV_SWITCH\Projects\EWARM\SUBDEV_SWITCH\Obj\LowPower.o
#        F:\demo\SUBDEV_SWITCH\Projects\EWARM\SUBDEV_SWITCH\Obj\main.o
#        F:\demo\SUBDEV_SWITCH\Projects\EWARM\SUBDEV_SWITCH\Obj\startup_stm32l053xx.o
#        F:\demo\SUBDEV_SWITCH\Projects\EWARM\SUBDEV_SWITCH\Obj\stm32l0xx_hal.o
#        F:\demo\SUBDEV_SWITCH\Projects\EWARM\SUBDEV_SWITCH\Obj\stm32l0xx_hal_adc.o
#        F:\demo\SUBDEV_SWITCH\Projects\EWARM\SUBDEV_SWITCH\Obj\stm32l0xx_hal_adc_ex.o
#        F:\demo\SUBDEV_SWITCH\Projects\EWARM\SUBDEV_SWITCH\Obj\stm32l0xx_hal_comp.o
#        F:\demo\SUBDEV_SWITCH\Projects\EWARM\SUBDEV_SWITCH\Obj\stm32l0xx_hal_cortex.o
#        F:\demo\SUBDEV_SWITCH\Projects\EWARM\SUBDEV_SWITCH\Obj\stm32l0xx_hal_crc.o
#        F:\demo\SUBDEV_SWITCH\Projects\EWARM\SUBDEV_SWITCH\Obj\stm32l0xx_hal_crc_ex.o
#        F:\demo\SUBDEV_SWITCH\Projects\EWARM\SUBDEV_SWITCH\Obj\stm32l0xx_hal_dma.o
#        F:\demo\SUBDEV_SWITCH\Projects\EWARM\SUBDEV_SWITCH\Obj\stm32l0xx_hal_flash.o
#        F:\demo\SUBDEV_SWITCH\Projects\EWARM\SUBDEV_SWITCH\Obj\stm32l0xx_hal_flash_ex.o
#        F:\demo\SUBDEV_SWITCH\Projects\EWARM\SUBDEV_SWITCH\Obj\stm32l0xx_hal_flash_ramfunc.o
#        F:\demo\SUBDEV_SWITCH\Projects\EWARM\SUBDEV_SWITCH\Obj\stm32l0xx_hal_gpio.o
#        F:\demo\SUBDEV_SWITCH\Projects\EWARM\SUBDEV_SWITCH\Obj\stm32l0xx_hal_iwdg.o
#        F:\demo\SUBDEV_SWITCH\Projects\EWARM\SUBDEV_SWITCH\Obj\stm32l0xx_hal_lptim.o
#        F:\demo\SUBDEV_SWITCH\Projects\EWARM\SUBDEV_SWITCH\Obj\stm32l0xx_hal_msp.o
#        F:\demo\SUBDEV_SWITCH\Projects\EWARM\SUBDEV_SWITCH\Obj\stm32l0xx_hal_pwr.o
#        F:\demo\SUBDEV_SWITCH\Projects\EWARM\SUBDEV_SWITCH\Obj\stm32l0xx_hal_pwr_ex.o
#        F:\demo\SUBDEV_SWITCH\Projects\EWARM\SUBDEV_SWITCH\Obj\stm32l0xx_hal_rcc.o
#        F:\demo\SUBDEV_SWITCH\Projects\EWARM\SUBDEV_SWITCH\Obj\stm32l0xx_hal_rcc_ex.o
#        F:\demo\SUBDEV_SWITCH\Projects\EWARM\SUBDEV_SWITCH\Obj\stm32l0xx_hal_rng.o
#        F:\demo\SUBDEV_SWITCH\Projects\EWARM\SUBDEV_SWITCH\Obj\stm32l0xx_hal_rtc.o
#        F:\demo\SUBDEV_SWITCH\Projects\EWARM\SUBDEV_SWITCH\Obj\stm32l0xx_hal_rtc_ex.o
#        F:\demo\SUBDEV_SWITCH\Projects\EWARM\SUBDEV_SWITCH\Obj\stm32l0xx_hal_spi.o
#        F:\demo\SUBDEV_SWITCH\Projects\EWARM\SUBDEV_SWITCH\Obj\stm32l0xx_hal_tim.o
#        F:\demo\SUBDEV_SWITCH\Projects\EWARM\SUBDEV_SWITCH\Obj\stm32l0xx_hal_tim_ex.o
#        F:\demo\SUBDEV_SWITCH\Projects\EWARM\SUBDEV_SWITCH\Obj\stm32l0xx_hal_uart.o
#        F:\demo\SUBDEV_SWITCH\Projects\EWARM\SUBDEV_SWITCH\Obj\stm32l0xx_hal_uart_ex.o
#        F:\demo\SUBDEV_SWITCH\Projects\EWARM\SUBDEV_SWITCH\Obj\stm32l0xx_hal_usart.o
#        F:\demo\SUBDEV_SWITCH\Projects\EWARM\SUBDEV_SWITCH\Obj\stm32l0xx_hal_wwdg.o
#        F:\demo\SUBDEV_SWITCH\Projects\EWARM\SUBDEV_SWITCH\Obj\stm32l0xx_it.o
#        F:\demo\SUBDEV_SWITCH\Projects\EWARM\SUBDEV_SWITCH\Obj\switch.o
#        F:\demo\SUBDEV_SWITCH\Projects\EWARM\SUBDEV_SWITCH\Obj\system_stm32l0xx.o
#        F:\demo\SUBDEV_SWITCH\Projects\EWARM\SUBDEV_SWITCH\Obj\usart.o
#        F:\demo\SUBDEV_SWITCH\Projects\EWARM\SUBDEV_SWITCH\Obj\zigbee.o
#        --redirect _Printf=_PrintfSmall --redirect _Scanf=_ScanfSmall -o
#        F:\demo\SUBDEV_SWITCH\Projects\EWARM\SUBDEV_SWITCH\Exe\Project.out.tmp
#        --map
#        F:\demo\SUBDEV_SWITCH\Projects\EWARM\SUBDEV_SWITCH\List\Project.map
#        --config F:\demo\SUBDEV_SWITCH\Projects\EWARM\stm32l031xx_flash.icf
#        --semihosting --entry __iar_program_start --vfe
#
###############################################################################

*******************************************************************************
*** RUNTIME MODEL ATTRIBUTES
***

CppFlavor       = *
__SystemLibrary = DLib


*******************************************************************************
*** PLACEMENT SUMMARY
***

"A1":  place at 0x08000000 { ro section .intvec };
"P1":  place in [from 0x08000000 to 0x0802ffff] { ro };
"P2":  place in [from 0x20000000 to 0x20004fff] { rw, block CSTACK, block HEAP };

  Section            Kind        Address    Size  Object
  -------            ----        -------    ----  ------
"A1":                                       0xc0
  .intvec            ro code  0x08000000    0xc0  startup_stm32l053xx.o [1]
                            - 0x080000c0    0xc0

"P1":                                     0x278c
  .text              ro code  0x080000c0   0x738  stm32l0xx_hal_rcc.o [1]
  .text              ro code  0x080007f8    0x60  stm32l0xx_hal.o [1]
  .text              ro code  0x08000858    0xae  I32DivModFast.o [4]
  .text              ro code  0x08000906    0x2a  zero_init3.o [4]
  .text              ro code  0x08000930   0x246  stm32l0xx_hal_msp.o [1]
  .text              ro code  0x08000b76     0x2  startup_stm32l053xx.o [1]
  .text              ro code  0x08000b78    0xac  stm32l0xx_hal_cortex.o [1]
  .text              ro code  0x08000c24     0x2  IntDivZer.o [4]
  .text              ro code  0x08000c26     0x2  startup_stm32l053xx.o [1]
  .text              ro code  0x08000c28   0x1d4  stm32l0xx_hal_gpio.o [1]
  .text              ro code  0x08000dfc   0x128  stm32l0xx_hal_flash_ex.o [1]
  .text              ro code  0x08000f24    0x5c  ABImemcpy.o [4]
  .text              ro code  0x08000f80    0xc4  stm32l0xx_hal_pwr.o [1]
  .text              ro code  0x08001044   0x114  switch.o [1]
  .text              ro code  0x08001158    0xb4  stm32l0xx_hal_flash.o [1]
  .text              ro code  0x0800120c   0x544  zigbee.o [1]
  .text              ro code  0x08001750   0x2f0  usart.o [1]
  .text              ro code  0x08001a40   0x5fc  stm32l0xx_hal_uart.o [1]
  .text              ro code  0x0800203c   0x40c  stm32l0xx_hal_dma.o [1]
  .text              ro code  0x08002448   0x128  LowPower.o [1]
  .text              ro code  0x08002570    0x1c  stm32l0xx_hal_pwr_ex.o [1]
  .text              ro code  0x0800258c    0xbe  stm32l0xx_it.o [1]
  .text              ro code  0x0800264a     0x2  startup_stm32l053xx.o [1]
  .text              ro code  0x0800264c    0x68  main.o [1]
  .text              ro code  0x080026b4    0x58  system_stm32l0xx.o [1]
  .text              ro code  0x0800270c    0x30  copy_init3.o [4]
  .text              ro code  0x0800273c    0x28  data_init.o [4]
  .iar.init_table    const    0x08002764    0x24  - Linker created -
  .text              ro code  0x08002788    0x1a  cmain.o [4]
  .text              ro code  0x080027a2     0x4  low_level_init.o [3]
  .text              ro code  0x080027a6     0x8  exit.o [3]
  .text              ro code  0x080027ae     0x2  startup_stm32l053xx.o [1]
  .text              ro code  0x080027b0     0xa  cexit.o [4]
  .text              ro code  0x080027ba     0x2  startup_stm32l053xx.o [1]
  .text              ro code  0x080027bc    0x14  exit.o [5]
  .text              ro code  0x080027d0    0x10  startup_stm32l053xx.o [1]
  .text              ro code  0x080027e0     0xc  cstartup_M.o [4]
  .text              ro code  0x080027ec     0x2  startup_stm32l053xx.o [1]
  .text              ro code  0x080027ee     0x2  startup_stm32l053xx.o [1]
  .text              ro code  0x080027f0     0x2  startup_stm32l053xx.o [1]
  .text              ro code  0x080027f2     0x2  startup_stm32l053xx.o [1]
  .text              ro code  0x080027f4     0x2  startup_stm32l053xx.o [1]
  .text              ro code  0x080027f6     0x2  startup_stm32l053xx.o [1]
  .text              ro code  0x080027f8     0x2  startup_stm32l053xx.o [1]
  .text              ro code  0x080027fa     0x2  startup_stm32l053xx.o [1]
  .text              ro code  0x080027fc     0x2  startup_stm32l053xx.o [1]
  .text              ro code  0x080027fe     0x2  startup_stm32l053xx.o [1]
  .text              ro code  0x08002800     0x2  startup_stm32l053xx.o [1]
  .text              ro code  0x08002802     0x2  startup_stm32l053xx.o [1]
  .text              ro code  0x08002804     0x2  startup_stm32l053xx.o [1]
  .text              ro code  0x08002806     0x2  startup_stm32l053xx.o [1]
  .text              ro code  0x08002808     0x2  startup_stm32l053xx.o [1]
  .text              ro code  0x0800280a     0x2  startup_stm32l053xx.o [1]
  .text              ro code  0x0800280c     0x2  startup_stm32l053xx.o [1]
  .text              ro code  0x0800280e     0x2  startup_stm32l053xx.o [1]
  .rodata            const    0x08002810     0x0  zero_init3.o [4]
  .rodata            const    0x08002810     0x0  copy_init3.o [4]
  Initializer bytes  ro data  0x08002810    0x3c  <for P2 s0>
                            - 0x0800284c  0x278c

"P2":                                      0x7d0
  P2 s0                       0x20000000    0x3c  <Init block>
    .data            inited   0x20000000    0x20  system_stm32l0xx.o [1]
    .data            inited   0x20000020    0x10  stm32l0xx_hal_rcc.o [1]
    .data            inited   0x20000030     0xc  stm32l0xx_hal_rcc.o [1]
  .bss               zero     0x2000003c    0xf0  usart.o [1]
  .bss               zero     0x2000012c    0xd0  usart.o [1]
  .bss               zero     0x200001fc    0xcc  zigbee.o [1]
  .bss               zero     0x200002c8    0x6c  usart.o [1]
  .bss               zero     0x20000334    0x44  zigbee.o [1]
  .bss               zero     0x20000378    0x18  zigbee.o [1]
  .bss               zero     0x20000390    0x14  stm32l0xx_hal_flash.o [1]
  .bss               zero     0x200003a4    0x10  switch.o [1]
  .bss               zero     0x200003b4     0xd  switch.o [1]
  .bss               zero     0x200003c2     0x2  main.o [1]
  .bss               zero     0x200003c4     0x4  stm32l0xx_hal.o [1]
  .bss               zero     0x200003c8     0x1  stm32l0xx_hal_msp.o [1]
  CSTACK                      0x200003d0   0x400  <Block>
    CSTACK           uninit   0x200003d0   0x400  <Block tail>
                            - 0x200007d0   0x7d0


*******************************************************************************
*** INIT TABLE
***

          Address     Size
          -------     ----
Zero (__iar_zero_init3)
    1 destination range, total size 0x38d:
          0x2000003c  0x38d

Copy (__iar_copy_init3)
    1 source range, total size 0x3c:
          0x08002810   0x3c
    1 destination range, total size 0x3c:
          0x20000000   0x3c



*******************************************************************************
*** MODULE SUMMARY
***

    Module                    ro code  ro data  rw data
    ------                    -------  -------  -------
F:\demo\SUBDEV_SWITCH\Projects\EWARM\SUBDEV_SWITCH\Obj: [1]
    LowPower.o                    296
    main.o                        104                 2
    startup_stm32l053xx.o         254
    stm32l0xx_hal.o                96                 4
    stm32l0xx_hal_cortex.o        172
    stm32l0xx_hal_dma.o         1 036
    stm32l0xx_hal_flash.o         180                20
    stm32l0xx_hal_flash_ex.o      296
    stm32l0xx_hal_gpio.o          468
    stm32l0xx_hal_msp.o           582                 1
    stm32l0xx_hal_pwr.o           196
    stm32l0xx_hal_pwr_ex.o         28
    stm32l0xx_hal_rcc.o         1 848       28       28
    stm32l0xx_hal_uart.o        1 532
    stm32l0xx_it.o                190
    switch.o                      276                29
    system_stm32l0xx.o             88       32       32
    usart.o                       752               556
    zigbee.o                    1 348               296
    ---------------------------------------------------
    Total:                      9 742       60      968

command line: [2]
    ---------------------------------------------------
    Total:

dl6M_tlf.a: [3]
    exit.o                          8
    low_level_init.o                4
    ---------------------------------------------------
    Total:                         12

rt6M_tl.a: [4]
    ABImemcpy.o                    92
    I32DivModFast.o               174
    IntDivZer.o                     2
    cexit.o                        10
    cmain.o                        26
    copy_init3.o                   48
    cstartup_M.o                   12
    data_init.o                    40
    zero_init3.o                   42
    ---------------------------------------------------
    Total:                        446

shb_l.a: [5]
    exit.o                         20
    ---------------------------------------------------
    Total:                         20

    Gaps                                              1
    Linker created                          36    1 024
-------------------------------------------------------
    Grand Total:               10 220       96    1 993


*******************************************************************************
*** ENTRY LIST
***

Entry                      Address   Size  Type      Object
-----                      -------   ----  ----      ------
?main                   0x08002789         Code  Gb  cmain.o [4]
AHBPrescTable           0x20000000   0x10  Data  Gb  system_stm32l0xx.o [1]
APBAHBPrescTable        0x20000020   0x10  Data  Lc  stm32l0xx_hal_rcc.o [1]
CSTACK$$Base            0x200003d0          --   Gb  - Linker created -
CSTACK$$Limit           0x200007d0          --   Gb  - Linker created -
DMA1_Channel4_5_6_7_IRQHandler
                        0x080025a5    0xc  Code  Gb  stm32l0xx_it.o [1]
DMA_SetConfig           0x08002431   0x18  Code  Lc  stm32l0xx_hal_dma.o [1]
DebugMon_Handler        0x08002599    0x2  Code  Gb  stm32l0xx_it.o [1]
EXTI4_15_IRQHandler     0x08002619   0x2a  Code  Gb  stm32l0xx_it.o [1]
Eeprom_Read             0x08000ad5   0x2e  Code  Gb  stm32l0xx_hal_msp.o [1]
Eeprom_Read_DEV_INFO    0x080012a7   0x32  Code  Gb  zigbee.o [1]
Eeprom_Write            0x08000a8b   0x4a  Code  Gb  stm32l0xx_hal_msp.o [1]
Enter_LowPower_Mode     0x080024e1    0xc  Code  Gb  LowPower.o [1]
Error_Handler           0x08000a1d    0x8  Code  Gb  stm32l0xx_hal_msp.o [1]
FLASH_SetErrorCode      0x080011b7   0x4c  Code  Lc  stm32l0xx_hal_flash.o [1]
FLASH_WaitForLastOperation
                        0x08001159   0x5c  Code  Gb  stm32l0xx_hal_flash.o [1]
GPIOx_PINx_RESET        0x0800093b    0xa  Code  Gb  stm32l0xx_hal_msp.o [1]
GPIOx_PINx_SET          0x08000931    0xa  Code  Gb  stm32l0xx_hal_msp.o [1]
HAL_DMA_IRQHandler      0x08002185  0x290  Code  Gb  stm32l0xx_hal_dma.o [1]
HAL_DMA_Init            0x0800203d   0xdc  Code  Gb  stm32l0xx_hal_dma.o [1]
HAL_DMA_Start_IT        0x08002135   0x4a  Code  Gb  stm32l0xx_hal_dma.o [1]
HAL_Delay               0x08000b09   0x18  Code  Gb  stm32l0xx_hal_msp.o [1]
HAL_FLASHEx_DATAEEPROM_Erase
                        0x08000e23   0x16  Code  Gb  stm32l0xx_hal_flash_ex.o [1]
HAL_FLASHEx_DATAEEPROM_Lock
                        0x08000e15    0xe  Code  Gb  stm32l0xx_hal_flash_ex.o [1]
HAL_FLASHEx_DATAEEPROM_Program
                        0x08000e39   0xd6  Code  Gb  stm32l0xx_hal_flash_ex.o [1]
HAL_FLASHEx_DATAEEPROM_Unlock
                        0x08000dfd   0x18  Code  Gb  stm32l0xx_hal_flash_ex.o [1]
HAL_GPIO_EXTI_Callback  0x08001095   0x38  Code  Gb  switch.o [1]
HAL_GPIO_EXTI_IRQHandler
                        0x08000dc9   0x14  Code  Gb  stm32l0xx_hal_gpio.o [1]
HAL_GPIO_Init           0x08000c29  0x18c  Code  Gb  stm32l0xx_hal_gpio.o [1]
HAL_GPIO_TogglePin      0x08000dc1    0x8  Code  Gb  stm32l0xx_hal_gpio.o [1]
HAL_GPIO_WritePin       0x08000db5    0xc  Code  Gb  stm32l0xx_hal_gpio.o [1]
HAL_GetTick             0x08000849    0x6  Code  Wk  stm32l0xx_hal.o [1]
HAL_IncTick             0x0800083f    0xa  Code  Wk  stm32l0xx_hal.o [1]
HAL_Init                0x080007f9   0x22  Code  Gb  stm32l0xx_hal.o [1]
HAL_InitTick            0x0800081b   0x24  Code  Wk  stm32l0xx_hal.o [1]
HAL_MspInit             0x08000b75    0x2  Code  Gb  stm32l0xx_hal_msp.o [1]
HAL_NVIC_DisableIRQ     0x08000bc1    0xe  Code  Gb  stm32l0xx_hal_cortex.o [1]
HAL_NVIC_EnableIRQ      0x08000bb3    0xe  Code  Gb  stm32l0xx_hal_cortex.o [1]
HAL_NVIC_SetPriority    0x08000bab    0x8  Code  Gb  stm32l0xx_hal_cortex.o [1]
HAL_NVIC_SystemReset    0x08000bcf   0x10  Code  Gb  stm32l0xx_hal_cortex.o [1]
HAL_PWREx_EnableFastWakeUp
                        0x08002571    0xc  Code  Gb  stm32l0xx_hal_pwr_ex.o [1]
HAL_PWREx_EnableUltraLowPower
                        0x0800257d    0xc  Code  Gb  stm32l0xx_hal_pwr_ex.o [1]
HAL_PWR_EnablePVD       0x08000fdd    0xc  Code  Gb  stm32l0xx_hal_pwr.o [1]
HAL_PWR_EnterSTOPMode   0x08000fe9   0x30  Code  Gb  stm32l0xx_hal_pwr.o [1]
HAL_PWR_PVDCallback     0x08000b61    0x8  Code  Gb  stm32l0xx_hal_msp.o [1]
HAL_PWR_PVDConfig       0x08000f81   0x5c  Code  Gb  stm32l0xx_hal_pwr.o [1]
HAL_PWR_PVD_IRQHandler  0x08001019   0x16  Code  Gb  stm32l0xx_hal_pwr.o [1]
HAL_RCC_ClockConfig     0x08000479  0x1ec  Code  Gb  stm32l0xx_hal_rcc.o [1]
HAL_RCC_GetHCLKFreq     0x080006d9   0x1a  Code  Gb  stm32l0xx_hal_rcc.o [1]
HAL_RCC_GetOscConfig    0x08000719   0x9e  Code  Gb  stm32l0xx_hal_rcc.o [1]
HAL_RCC_GetPCLK1Freq    0x080006f3   0x10  Code  Gb  stm32l0xx_hal_rcc.o [1]
HAL_RCC_GetPCLK2Freq    0x08000703    0xe  Code  Gb  stm32l0xx_hal_rcc.o [1]
HAL_RCC_GetSysClockFreq
                        0x0800066d   0x60  Code  Gb  stm32l0xx_hal_rcc.o [1]
HAL_RCC_OscConfig       0x080000c1  0x39a  Code  Gb  stm32l0xx_hal_rcc.o [1]
HAL_SYSTICK_Config      0x08000bdf   0x28  Code  Gb  stm32l0xx_hal_cortex.o [1]
HAL_UART_DeInit         0x08001aa9   0x3e  Code  Gb  stm32l0xx_hal_uart.o [1]
HAL_UART_ErrorCallback  0x08001be9    0x2  Code  Wk  stm32l0xx_hal_uart.o [1]
HAL_UART_Init           0x08001a41   0x50  Code  Gb  stm32l0xx_hal_uart.o [1]
HAL_UART_MspDeInit      0x08001983   0x94  Code  Gb  usart.o [1]
HAL_UART_MspInit        0x080017b1  0x1d2  Code  Gb  usart.o [1]
HAL_UART_Receive_DMA    0x08001b5b   0x7c  Code  Gb  stm32l0xx_hal_uart.o [1]
HAL_UART_RxCpltCallback
                        0x08001be7    0x2  Code  Wk  stm32l0xx_hal_uart.o [1]
HAL_UART_Transmit_DMA   0x08001ae7   0x74  Code  Gb  stm32l0xx_hal_uart.o [1]
HAL_UART_TxCpltCallback
                        0x08001be5    0x2  Code  Wk  stm32l0xx_hal_uart.o [1]
HAL_UARTx_Init          0x08001751   0x60  Code  Gb  usart.o [1]
HardFault_Handler       0x0800258f    0x8  Code  Gb  stm32l0xx_it.o [1]
Led_DeInit              0x0800098b   0x20  Code  Gb  stm32l0xx_hal_msp.o [1]
Led_Init                0x08000945   0x46  Code  Gb  stm32l0xx_hal_msp.o [1]
Led_Run_Blink           0x080009bb   0x46  Code  Gb  stm32l0xx_hal_msp.o [1]
Led_Run_Error           0x08000a01   0x1c  Code  Gb  stm32l0xx_hal_msp.o [1]
Led_Run_Toggle          0x080009ab   0x10  Code  Gb  stm32l0xx_hal_msp.o [1]
LowPower_Init           0x08002449   0x98  Code  Gb  LowPower.o [1]
MSIRangeTable           0x080007dc   0x1c  Data  Gb  stm32l0xx_hal_rcc.o [1]
NMI_Handler             0x0800258d    0x2  Code  Gb  stm32l0xx_it.o [1]
NVIC_SetPriority        0x08000b79   0x32  Code  Lc  stm32l0xx_hal_cortex.o [1]
PLLMulTable             0x20000030    0xc  Data  Lc  stm32l0xx_hal_rcc.o [1]
PLLMulTable             0x20000010    0xc  Data  Gb  system_stm32l0xx.o [1]
PVD_Config              0x08000b2d   0x34  Code  Gb  stm32l0xx_hal_msp.o [1]
PVD_IRQHandler          0x08002643    0x8  Code  Gb  stm32l0xx_it.o [1]
PendSV_Handler          0x0800259b    0x2  Code  Gb  stm32l0xx_it.o [1]
Pvd_Flag                0x200003c8    0x1  Data  Gb  stm32l0xx_hal_msp.o [1]
RNG_LPUART1_IRQHandler  0x080025b1   0x56  Code  Gb  stm32l0xx_it.o [1]
Region$$Table$$Base     0x08002764          --   Gb  - Linker created -
Region$$Table$$Limit    0x08002788          --   Gb  - Linker created -
SVC_Handler             0x08002597    0x2  Code  Gb  stm32l0xx_it.o [1]
Sum_Check               0x080012d9   0x1c  Code  Gb  zigbee.o [1]
Switch_Event_Handle     0x080010cd   0x78  Code  Gb  switch.o [1]
Switch_Init             0x08001045   0x50  Code  Gb  switch.o [1]
SysTick_Handler         0x0800259d    0x8  Code  Gb  stm32l0xx_it.o [1]
SystemClockConfig_STOP  0x080024ed   0x5e  Code  Gb  LowPower.o [1]
SystemClock_Config      0x08000a25   0x66  Code  Gb  stm32l0xx_hal_msp.o [1]
SystemCoreClock         0x2000001c    0x4  Data  Gb  system_stm32l0xx.o [1]
SystemInit              0x080026b5   0x40  Code  Gb  system_stm32l0xx.o [1]
TimeOut                 0x200003c2    0x2  Data  Gb  main.o [1]
UART_AdvFeatureConfig   0x08001e75   0xc8  Code  Gb  stm32l0xx_hal_uart.o [1]
UART_CheckIdleState     0x08001e1f   0x52  Code  Gb  stm32l0xx_hal_uart.o [1]
UART_DMAError           0x08001c83   0x20  Code  Lc  stm32l0xx_hal_uart.o [1]
UART_DMAReceiveCplt     0x08001c4d   0x36  Code  Lc  stm32l0xx_hal_uart.o [1]
UART_DMATransmitCplt    0x08001bf9   0x54  Code  Lc  stm32l0xx_hal_uart.o [1]
UART_SetConfig          0x08001ca9  0x176  Code  Gb  stm32l0xx_hal_uart.o [1]
UART_WaitOnFlagUntilTimeout
                        0x08001f55   0xa8  Code  Gb  stm32l0xx_hal_uart.o [1]
Zig_DMA_RxBuf           0x20000198   0x64  Data  Gb  usart.o [1]
Zig_RxCmd_Analysis      0x0800130d   0x98  Code  Lc  zigbee.o [1]
Zig_Send_Cmd            0x080013ad  0x1e6  Code  Gb  zigbee.o [1]
Zig_Send_Data           0x080012f5   0x18  Code  Gb  zigbee.o [1]
Zig_Uart_Buf            0x200001fc   0xcc  Data  Gb  zigbee.o [1]
Zigbee_Bind_Handle      0x080015ad   0xf8  Code  Gb  zigbee.o [1]
Zigbee_DeInit           0x0800124d   0x24  Code  Gb  zigbee.o [1]
Zigbee_Get_Set_Info     0x080016a9   0x62  Code  Gb  zigbee.o [1]
Zigbee_Init             0x0800123f    0xe  Code  Gb  zigbee.o [1]
Zigbee_Set_BackUpInfo   0x08001715   0x1a  Code  Gb  zigbee.o [1]
Zigbee_Sleep            0x08001271   0x12  Code  Gb  zigbee.o [1]
Zigbee_Uart_Init        0x0800120d   0x32  Code  Gb  zigbee.o [1]
Zigbee_WakeUp           0x08001283   0x24  Code  Gb  zigbee.o [1]
__aeabi_idiv0           0x08000c25         Code  Gb  IntDivZer.o [4]
__aeabi_memcpy          0x08000f25         Code  Gb  ABImemcpy.o [4]
__aeabi_uidiv           0x08000859         Code  Gb  I32DivModFast.o [4]
__aeabi_uidivmod        0x08000859         Code  Gb  I32DivModFast.o [4]
__cmain                 0x08002789         Code  Gb  cmain.o [4]
__exit                  0x080027bd   0x14  Code  Gb  exit.o [5]
__iar_copy_init3        0x0800270d   0x30  Code  Gb  copy_init3.o [4]
__iar_data_init3        0x0800273d   0x28  Code  Gb  data_init.o [4]
__iar_program_start     0x080027e1         Code  Gb  cstartup_M.o [4]
__iar_zero_init3        0x08000907   0x2a  Code  Gb  zero_init3.o [4]
__low_level_init        0x080027a3    0x4  Code  Gb  low_level_init.o [3]
__vector_table          0x08000000         Data  Gb  startup_stm32l053xx.o [1]
_call_main              0x08002795         Code  Gb  cmain.o [4]
_exit                   0x080027b1         Code  Gb  cexit.o [4]
_main                   0x0800279f         Code  Gb  cmain.o [4]
eeprom_backup_info      0x20000388    0x8  Data  Gb  zigbee.o [1]
exit                    0x080027a7    0x8  Code  Gb  exit.o [3]
huartx_debug            0x2000012c   0x6c  Data  Gb  usart.o [1]
huartx_zigbee           0x200002c8   0x6c  Data  Gb  usart.o [1]
main                    0x0800264d   0x62  Code  Gb  main.o [1]
pFlash                  0x20000390   0x14  Data  Gb  stm32l0xx_hal_flash.o [1]
switch_chk_info         0x200003a4   0x10  Data  Gb  switch.o [1]
switch_ctrl_cmd         0x200003b4    0xc  Data  Gb  switch.o [1]
switch_event            0x200003c0    0x1  Data  Gb  switch.o [1]
uwTick                  0x200003c4    0x4  Data  Lc  stm32l0xx_hal.o [1]
zig_backup_dev_info     0x20000384    0x4  Data  Gb  zigbee.o [1]
zig_dev_info            0x20000334   0x44  Data  Gb  zigbee.o [1]
zig_rx_workpanid_dstaddr
                        0x20000378    0xc  Data  Gb  zigbee.o [1]


[1] = F:\demo\SUBDEV_SWITCH\Projects\EWARM\SUBDEV_SWITCH\Obj
[2] = command line
[3] = dl6M_tlf.a
[4] = rt6M_tl.a
[5] = shb_l.a

  10 220 bytes of readonly  code memory
      96 bytes of readonly  data memory
   1 993 bytes of readwrite data memory

Errors: none
Warnings: none
